MPLINK 4.40, Linker
Linker Map File - Created Thu Oct  2 13:54:50 2014

                                 Section Info
                  Section       Type    Address   Location Size(Bytes)
                ---------  ---------  ---------  ---------  ---------
               _entry_scn       code   0x000000    program   0x000006
                   .cinit    romdata   0x00002a    program   0x00001a
              .code_LCD.o       code   0x000044    program   0x0001c2
             .stringtable    romdata   0x000206    program   0x00016b
        .romdata___init.o    romdata   0x000371    program   0x000000
        .idata___init.o_i    romdata   0x000371    program   0x000000
     .romdata_userLocal.o    romdata   0x000371    program   0x000000
           .romdata_LCD.o    romdata   0x000371    program   0x000000
         .idata_c018i.o_i    romdata   0x000371    program   0x000000
          .romdata_main.o    romdata   0x000371    program   0x000000
         .romdata_c018i.o    romdata   0x000371    program   0x000000
          .idata_main.o_i    romdata   0x000371    program   0x000000
            .code_c018i.o       code   0x000372    program   0x000000
             .code_main.o       code   0x000372    program   0x0000fa
               _cinit_scn       code   0x00046c    program   0x00009e
                     PROG       code   0x00050a    program   0x00003c
                    .code       code   0x000546    program   0x000020
             _startup_scn       code   0x000566    program   0x00001c
        .code_userLocal.o       code   0x000582    program   0x000002
           .code___init.o       code   0x000584    program   0x000002
     .idata_userLocal.o_i    romdata   0x000586    program   0x0001ef
           .idata_LCD.o_i    romdata   0x000775    program   0x0001ad
    .config_300001_main.o    romdata   0x300001    program   0x000001
    .config_300002_main.o    romdata   0x300002    program   0x000001
    .config_300003_main.o    romdata   0x300003    program   0x000001
    .config_300006_main.o    romdata   0x300006    program   0x000001
    .config_300008_main.o    romdata   0x300008    program   0x000001
    .config_300009_main.o    romdata   0x300009    program   0x000001
    .config_30000a_main.o    romdata   0x30000a    program   0x000001
    .config_30000b_main.o    romdata   0x30000b    program   0x000001
    .config_30000c_main.o    romdata   0x30000c    program   0x000001
    .config_30000d_main.o    romdata   0x30000d    program   0x000001
                MATH_DATA      udata   0x000000       data   0x000014
                 .tmpdata      udata   0x000014       data   0x000002
               StringData      udata   0x000100       data   0x000000
       .idata_userLocal.o      idata   0x000100       data   0x0001ef
             .idata_LCD.o      idata   0x0002ef       data   0x0001ad
            .udata_main.o      udata   0x00049c       data   0x000014
           .udata_c018i.o      udata   0x0004b0       data   0x00000a
             .udata_LCD.o      udata   0x0004ba       data   0x000001
           .idata_c018i.o      idata   0x0004bb       data   0x000000
            .idata_main.o      idata   0x0004bb       data   0x000000
       .udata_userLocal.o      udata   0x0004bb       data   0x000000
          .udata___init.o      udata   0x0004bb       data   0x000000
          .idata___init.o      idata   0x0004bb       data   0x000000
                   .stack      udata   0x000500       data   0x0000f4
            SFR_UNBANKED0      udata   0x000f80       data   0x000080



                              Program Memory Usage 
                               Start         End      
                           ---------   ---------      
                            0x000000    0x000005      
                            0x00002a    0x000370      
                            0x000372    0x000921      
                            0x300001    0x300003      
                            0x300006    0x300006      
                            0x300008    0x30000d      
            2311 out of 33048 program addresses used, program memory utilization is 6%



                              Symbols - Sorted by Name
                     Name    Address   Location    Storage File                     
                ---------  ---------  ---------  --------- ---------                
                 FXM1616U   0x00050a    program     extern C:\MCC18\v3_39\src\traditional\math\fxm1616u.asm
            LCDInitialise   0x000096    program     extern /Users/saivanhamama/MPLABXProjects/myLCD.X/LCD.c
           LCDInstruction   0x0000e2    program     extern /Users/saivanhamama/MPLABXProjects/myLCD.X/LCD.c
            LCDMoveCursor   0x00011c    program     extern /Users/saivanhamama/MPLABXProjects/myLCD.X/LCD.c
                 LCDOnOff   0x0000c8    program     extern /Users/saivanhamama/MPLABXProjects/myLCD.X/LCD.c
            LCDPushString   0x00016a    program     extern /Users/saivanhamama/MPLABXProjects/myLCD.X/LCD.c
             LCDWriteHere   0x000156    program     extern /Users/saivanhamama/MPLABXProjects/myLCD.X/LCD.c
       ___return_lbl00000   0x000004    program     static                          
       ___return_lbl00001   0x000580    program     static                          
       ___return_lbl00002   0x000508    program     static                          
               __config_0   0x300001    program     static /Users/saivanhamama/MPLABXProjects/myLCD.X/main.c
               __config_1   0x300002    program     static /Users/saivanhamama/MPLABXProjects/myLCD.X/main.c
               __config_2   0x300003    program     static /Users/saivanhamama/MPLABXProjects/myLCD.X/main.c
               __config_3   0x300006    program     static /Users/saivanhamama/MPLABXProjects/myLCD.X/main.c
               __config_4   0x300008    program     static /Users/saivanhamama/MPLABXProjects/myLCD.X/main.c
               __config_5   0x300009    program     static /Users/saivanhamama/MPLABXProjects/myLCD.X/main.c
               __config_6   0x30000a    program     static /Users/saivanhamama/MPLABXProjects/myLCD.X/main.c
               __config_7   0x30000b    program     static /Users/saivanhamama/MPLABXProjects/myLCD.X/main.c
               __config_8   0x30000c    program     static /Users/saivanhamama/MPLABXProjects/myLCD.X/main.c
               __config_9   0x30000d    program     static /Users/saivanhamama/MPLABXProjects/myLCD.X/main.c
                   __init   0x000584    program     extern C:\MCC18\v3_39\src\traditional\stdclib\__init.c
                   __pa_0   0x000458    program     static /Users/saivanhamama/MPLABXProjects/myLCD.X/main.c
                   __pa_0   0x0001a4    program     static /Users/saivanhamama/MPLABXProjects/myLCD.X/LCD.c
                   __pa_1   0x0001ac    program     static /Users/saivanhamama/MPLABXProjects/myLCD.X/LCD.c
                   __pa_2   0x0001bc    program     static /Users/saivanhamama/MPLABXProjects/myLCD.X/LCD.c
                   __pa_3   0x0001c6    program     static /Users/saivanhamama/MPLABXProjects/myLCD.X/LCD.c
                   __pa_4   0x0001ce    program     static /Users/saivanhamama/MPLABXProjects/myLCD.X/LCD.c
                   __pa_5   0x0001d8    program     static /Users/saivanhamama/MPLABXProjects/myLCD.X/LCD.c
                   __pa_6   0x0001e8    program     static /Users/saivanhamama/MPLABXProjects/myLCD.X/LCD.c
                   __pa_7   0x0001f2    program     static /Users/saivanhamama/MPLABXProjects/myLCD.X/LCD.c
                   __pa_8   0x0001fa    program     static /Users/saivanhamama/MPLABXProjects/myLCD.X/LCD.c
               __string_0   0x000360    program     static /Users/saivanhamama/MPLABXProjects/myLCD.X/LCD.c
               __string_1   0x000355    program     static /Users/saivanhamama/MPLABXProjects/myLCD.X/LCD.c
              __string_10   0x0002dc    program     static /Users/saivanhamama/MPLABXProjects/myLCD.X/LCD.c
              __string_11   0x0002d7    program     static /Users/saivanhamama/MPLABXProjects/myLCD.X/LCD.c
              __string_12   0x0002d2    program     static /Users/saivanhamama/MPLABXProjects/myLCD.X/LCD.c
              __string_13   0x0002cd    program     static /Users/saivanhamama/MPLABXProjects/myLCD.X/LCD.c
              __string_14   0x0002c5    program     static /Users/saivanhamama/MPLABXProjects/myLCD.X/LCD.c
              __string_15   0x0002bb    program     static /Users/saivanhamama/MPLABXProjects/myLCD.X/LCD.c
              __string_16   0x0002b2    program     static /Users/saivanhamama/MPLABXProjects/myLCD.X/LCD.c
              __string_17   0x0002ad    program     static /Users/saivanhamama/MPLABXProjects/myLCD.X/LCD.c
              __string_18   0x0002a7    program     static /Users/saivanhamama/MPLABXProjects/myLCD.X/LCD.c
              __string_19   0x00029b    program     static /Users/saivanhamama/MPLABXProjects/myLCD.X/LCD.c
               __string_2   0x00034b    program     static /Users/saivanhamama/MPLABXProjects/myLCD.X/LCD.c
              __string_20   0x000290    program     static /Users/saivanhamama/MPLABXProjects/myLCD.X/LCD.c
              __string_21   0x000288    program     static /Users/saivanhamama/MPLABXProjects/myLCD.X/LCD.c
              __string_22   0x000277    program     static /Users/saivanhamama/MPLABXProjects/myLCD.X/LCD.c
              __string_23   0x00026a    program     static /Users/saivanhamama/MPLABXProjects/myLCD.X/LCD.c
              __string_24   0x00025b    program     static /Users/saivanhamama/MPLABXProjects/myLCD.X/LCD.c
              __string_25   0x00024e    program     static /Users/saivanhamama/MPLABXProjects/myLCD.X/LCD.c
              __string_26   0x000241    program     static /Users/saivanhamama/MPLABXProjects/myLCD.X/LCD.c
              __string_27   0x000235    program     static /Users/saivanhamama/MPLABXProjects/myLCD.X/LCD.c
              __string_28   0x000229    program     static /Users/saivanhamama/MPLABXProjects/myLCD.X/LCD.c
              __string_29   0x00021b    program     static /Users/saivanhamama/MPLABXProjects/myLCD.X/LCD.c
               __string_3   0x00033d    program     static /Users/saivanhamama/MPLABXProjects/myLCD.X/LCD.c
              __string_30   0x00020d    program     static /Users/saivanhamama/MPLABXProjects/myLCD.X/LCD.c
              __string_31   0x000206    program     static /Users/saivanhamama/MPLABXProjects/myLCD.X/LCD.c
               __string_4   0x000331    program     static /Users/saivanhamama/MPLABXProjects/myLCD.X/LCD.c
               __string_5   0x000323    program     static /Users/saivanhamama/MPLABXProjects/myLCD.X/LCD.c
               __string_6   0x000318    program     static /Users/saivanhamama/MPLABXProjects/myLCD.X/LCD.c
               __string_7   0x00030c    program     static /Users/saivanhamama/MPLABXProjects/myLCD.X/LCD.c
               __string_8   0x0002fb    program     static /Users/saivanhamama/MPLABXProjects/myLCD.X/LCD.c
               __string_9   0x0002ec    program     static /Users/saivanhamama/MPLABXProjects/myLCD.X/LCD.c
            __zero_memory   0x000546    program     extern C:\MCC18\v3_39\src\traditional\proc\p18F452.asm
                _do_cinit   0x00046c    program     extern C:\MCC18\v3_39\src\traditional\startup\c018i.c
                   _entry   0x000000    program     extern C:\MCC18\v3_39\src\traditional\startup\c018i.c
                 _startup   0x000566    program     extern C:\MCC18\v3_39\src\traditional\startup\c018i.c
                compare_l   0x00055c    program     static C:\MCC18\v3_39\src\traditional\proc\p18F452.asm
                copy_loop   0x0004de    program     static                          
            copy_one_byte   0x0004e4    program     static                          
                  delayMs   0x000044    program     extern /Users/saivanhamama/MPLABXProjects/myLCD.X/LCD.c
                     done   0x000508    program     static                          
             done_copying   0x0004f2    program     static                          
                     loop   0x000576    program     static                          
                   loop_h   0x000554    program     static C:\MCC18\v3_39\src\traditional\proc\p18F452.asm
                   loop_l   0x00055e    program     static C:\MCC18\v3_39\src\traditional\proc\p18F452.asm
                     main   0x0003a0    program     extern /Users/saivanhamama/MPLABXProjects/myLCD.X/main.c
                    print   0x000582    program     extern /Users/saivanhamama/MPLABXProjects/myLCD.X/userLocal.c
              stringToRam   0x000372    program     extern /Users/saivanhamama/MPLABXProjects/myLCD.X/main.c
                     test   0x000486    program     static                          
               zero_block   0x000554    program     static C:\MCC18\v3_39\src\traditional\proc\p18F452.asm
                   ADCON0   0x000fc2       data     extern C:\MCC18\v3_39\src\traditional\proc\p18F452.asm
               ADCON0bits   0x000fc2       data     extern C:\MCC18\v3_39\src\traditional\proc\p18F452.asm
                   ADCON1   0x000fc1       data     extern C:\MCC18\v3_39\src\traditional\proc\p18F452.asm
               ADCON1bits   0x000fc1       data     extern C:\MCC18\v3_39\src\traditional\proc\p18F452.asm
                    ADRES   0x000fc3       data     extern C:\MCC18\v3_39\src\traditional\proc\p18F452.asm
                   ADRESH   0x000fc4       data     extern C:\MCC18\v3_39\src\traditional\proc\p18F452.asm
                   ADRESL   0x000fc3       data     extern C:\MCC18\v3_39\src\traditional\proc\p18F452.asm
                      BSR   0x000fe0       data     extern C:\MCC18\v3_39\src\traditional\proc\p18F452.asm
                  CCP1CON   0x000fbd       data     extern C:\MCC18\v3_39\src\traditional\proc\p18F452.asm
              CCP1CONbits   0x000fbd       data     extern C:\MCC18\v3_39\src\traditional\proc\p18F452.asm
                  CCP2CON   0x000fba       data     extern C:\MCC18\v3_39\src\traditional\proc\p18F452.asm
              CCP2CONbits   0x000fba       data     extern C:\MCC18\v3_39\src\traditional\proc\p18F452.asm
                    CCPR1   0x000fbe       data     extern C:\MCC18\v3_39\src\traditional\proc\p18F452.asm
                   CCPR1H   0x000fbf       data     extern C:\MCC18\v3_39\src\traditional\proc\p18F452.asm
                   CCPR1L   0x000fbe       data     extern C:\MCC18\v3_39\src\traditional\proc\p18F452.asm
                    CCPR2   0x000fbb       data     extern C:\MCC18\v3_39\src\traditional\proc\p18F452.asm
                   CCPR2H   0x000fbc       data     extern C:\MCC18\v3_39\src\traditional\proc\p18F452.asm
                   CCPR2L   0x000fbb       data     extern C:\MCC18\v3_39\src\traditional\proc\p18F452.asm
                     DDRA   0x000f92       data     extern C:\MCC18\v3_39\src\traditional\proc\p18F452.asm
                 DDRAbits   0x000f92       data     extern C:\MCC18\v3_39\src\traditional\proc\p18F452.asm
                     DDRB   0x000f93       data     extern C:\MCC18\v3_39\src\traditional\proc\p18F452.asm
                 DDRBbits   0x000f93       data     extern C:\MCC18\v3_39\src\traditional\proc\p18F452.asm
                     DDRC   0x000f94       data     extern C:\MCC18\v3_39\src\traditional\proc\p18F452.asm
                 DDRCbits   0x000f94       data     extern C:\MCC18\v3_39\src\traditional\proc\p18F452.asm
                     DDRD   0x000f95       data     extern C:\MCC18\v3_39\src\traditional\proc\p18F452.asm
                 DDRDbits   0x000f95       data     extern C:\MCC18\v3_39\src\traditional\proc\p18F452.asm
                     DDRE   0x000f96       data     extern C:\MCC18\v3_39\src\traditional\proc\p18F452.asm
                 DDREbits   0x000f96       data     extern C:\MCC18\v3_39\src\traditional\proc\p18F452.asm
                    EEADR   0x000fa9       data     extern C:\MCC18\v3_39\src\traditional\proc\p18F452.asm
                   EECON1   0x000fa6       data     extern C:\MCC18\v3_39\src\traditional\proc\p18F452.asm
               EECON1bits   0x000fa6       data     extern C:\MCC18\v3_39\src\traditional\proc\p18F452.asm
                   EECON2   0x000fa7       data     extern C:\MCC18\v3_39\src\traditional\proc\p18F452.asm
                   EEDATA   0x000fa8       data     extern C:\MCC18\v3_39\src\traditional\proc\p18F452.asm
                     FSR0   0x000fe9       data     extern C:\MCC18\v3_39\src\traditional\proc\p18F452.asm
                    FSR0H   0x000fea       data     extern C:\MCC18\v3_39\src\traditional\proc\p18F452.asm
                    FSR0L   0x000fe9       data     extern C:\MCC18\v3_39\src\traditional\proc\p18F452.asm
                     FSR1   0x000fe1       data     extern C:\MCC18\v3_39\src\traditional\proc\p18F452.asm
                    FSR1H   0x000fe2       data     extern C:\MCC18\v3_39\src\traditional\proc\p18F452.asm
                    FSR1L   0x000fe1       data     extern C:\MCC18\v3_39\src\traditional\proc\p18F452.asm
                     FSR2   0x000fd9       data     extern C:\MCC18\v3_39\src\traditional\proc\p18F452.asm
                    FSR2H   0x000fda       data     extern C:\MCC18\v3_39\src\traditional\proc\p18F452.asm
                    FSR2L   0x000fd9       data     extern C:\MCC18\v3_39\src\traditional\proc\p18F452.asm
                    INDF0   0x000fef       data     extern C:\MCC18\v3_39\src\traditional\proc\p18F452.asm
                    INDF1   0x000fe7       data     extern C:\MCC18\v3_39\src\traditional\proc\p18F452.asm
                    INDF2   0x000fdf       data     extern C:\MCC18\v3_39\src\traditional\proc\p18F452.asm
                   INTCON   0x000ff2       data     extern C:\MCC18\v3_39\src\traditional\proc\p18F452.asm
                  INTCON1   0x000ff2       data     extern C:\MCC18\v3_39\src\traditional\proc\p18F452.asm
              INTCON1bits   0x000ff2       data     extern C:\MCC18\v3_39\src\traditional\proc\p18F452.asm
                  INTCON2   0x000ff1       data     extern C:\MCC18\v3_39\src\traditional\proc\p18F452.asm
              INTCON2bits   0x000ff1       data     extern C:\MCC18\v3_39\src\traditional\proc\p18F452.asm
                  INTCON3   0x000ff0       data     extern C:\MCC18\v3_39\src\traditional\proc\p18F452.asm
              INTCON3bits   0x000ff0       data     extern C:\MCC18\v3_39\src\traditional\proc\p18F452.asm
               INTCONbits   0x000ff2       data     extern C:\MCC18\v3_39\src\traditional\proc\p18F452.asm
                     IPR1   0x000f9f       data     extern C:\MCC18\v3_39\src\traditional\proc\p18F452.asm
                 IPR1bits   0x000f9f       data     extern C:\MCC18\v3_39\src\traditional\proc\p18F452.asm
                     IPR2   0x000fa2       data     extern C:\MCC18\v3_39\src\traditional\proc\p18F452.asm
                 IPR2bits   0x000fa2       data     extern C:\MCC18\v3_39\src\traditional\proc\p18F452.asm
                     LATA   0x000f89       data     extern C:\MCC18\v3_39\src\traditional\proc\p18F452.asm
                 LATAbits   0x000f89       data     extern C:\MCC18\v3_39\src\traditional\proc\p18F452.asm
                     LATB   0x000f8a       data     extern C:\MCC18\v3_39\src\traditional\proc\p18F452.asm
                 LATBbits   0x000f8a       data     extern C:\MCC18\v3_39\src\traditional\proc\p18F452.asm
                     LATC   0x000f8b       data     extern C:\MCC18\v3_39\src\traditional\proc\p18F452.asm
                 LATCbits   0x000f8b       data     extern C:\MCC18\v3_39\src\traditional\proc\p18F452.asm
                     LATD   0x000f8c       data     extern C:\MCC18\v3_39\src\traditional\proc\p18F452.asm
                 LATDbits   0x000f8c       data     extern C:\MCC18\v3_39\src\traditional\proc\p18F452.asm
                     LATE   0x000f8d       data     extern C:\MCC18\v3_39\src\traditional\proc\p18F452.asm
                 LATEbits   0x000f8d       data     extern C:\MCC18\v3_39\src\traditional\proc\p18F452.asm
             LCDSAcquired   0x000376       data     extern /Users/saivanhamama/MPLABXProjects/myLCD.X/LCD.c
                LCDSAngle   0x0003d2       data     extern /Users/saivanhamama/MPLABXProjects/myLCD.X/LCD.c
               LCDSArrows   0x0003c7       data     extern /Users/saivanhamama/MPLABXProjects/myLCD.X/LCD.c
                 LCDSAzim   0x00038b       data     extern /Users/saivanhamama/MPLABXProjects/myLCD.X/LCD.c
              LCDSAzimuth   0x000395       data     extern /Users/saivanhamama/MPLABXProjects/myLCD.X/LCD.c
                 LCDSDist   0x000386       data     extern /Users/saivanhamama/MPLABXProjects/myLCD.X/LCD.c
                 LCDSElev   0x000390       data     extern /Users/saivanhamama/MPLABXProjects/myLCD.X/LCD.c
            LCDSElevation   0x00039d       data     extern /Users/saivanhamama/MPLABXProjects/myLCD.X/LCD.c
                 LCDSGoto   0x000331       data     extern /Users/saivanhamama/MPLABXProjects/myLCD.X/LCD.c
              LCDSGotoPos   0x0003b5       data     extern /Users/saivanhamama/MPLABXProjects/myLCD.X/LCD.c
               LCDSLimits   0x00033f       data     extern /Users/saivanhamama/MPLABXProjects/myLCD.X/LCD.c
             LCDSMainMenu   0x00030d       data     extern /Users/saivanhamama/MPLABXProjects/myLCD.X/LCD.c
             LCDSManually   0x0003a7       data     extern /Users/saivanhamama/MPLABXProjects/myLCD.X/LCD.c
              LCDSMaxAzim   0x00042d       data     extern /Users/saivanhamama/MPLABXProjects/myLCD.X/LCD.c
              LCDSMaxDist   0x000414       data     extern /Users/saivanhamama/MPLABXProjects/myLCD.X/LCD.c
              LCDSMaxElev   0x000447       data     extern /Users/saivanhamama/MPLABXProjects/myLCD.X/LCD.c
              LCDSMinAzim   0x000421       data     extern /Users/saivanhamama/MPLABXProjects/myLCD.X/LCD.c
              LCDSMinDist   0x000407       data     extern /Users/saivanhamama/MPLABXProjects/myLCD.X/LCD.c
              LCDSMinElev   0x000439       data     extern /Users/saivanhamama/MPLABXProjects/myLCD.X/LCD.c
                 LCDSMove   0x0003bb       data     extern /Users/saivanhamama/MPLABXProjects/myLCD.X/LCD.c
             LCDSNotFound   0x000356       data     extern /Users/saivanhamama/MPLABXProjects/myLCD.X/LCD.c
           LCDSOutOfRange   0x0003eb       data     extern /Users/saivanhamama/MPLABXProjects/myLCD.X/LCD.c
              LCDSPressGo   0x000302       data     extern /Users/saivanhamama/MPLABXProjects/myLCD.X/LCD.c
              LCDSReenter   0x0003f8       data     extern /Users/saivanhamama/MPLABXProjects/myLCD.X/LCD.c
               LCDSRemote   0x00034a       data     extern /Users/saivanhamama/MPLABXProjects/myLCD.X/LCD.c
            LCDSSearching   0x000367       data     extern /Users/saivanhamama/MPLABXProjects/myLCD.X/LCD.c
                  LCDSSet   0x0003b0       data     extern /Users/saivanhamama/MPLABXProjects/myLCD.X/LCD.c
               LCDSStatus   0x000317       data     extern /Users/saivanhamama/MPLABXProjects/myLCD.X/LCD.c
              LCDSSuccess   0x0003da       data     extern /Users/saivanhamama/MPLABXProjects/myLCD.X/LCD.c
          LCDSTemperature   0x000325       data     extern /Users/saivanhamama/MPLABXProjects/myLCD.X/LCD.c
                LCDSValue   0x000455       data     extern /Users/saivanhamama/MPLABXProjects/myLCD.X/LCD.c
       LCDSWelcomeMessage   0x0002f1       data     extern /Users/saivanhamama/MPLABXProjects/myLCD.X/LCD.c
               LCDStrings   0x00045c       data     extern /Users/saivanhamama/MPLABXProjects/myLCD.X/LCD.c
                   LVDCON   0x000fd2       data     extern C:\MCC18\v3_39\src\traditional\proc\p18F452.asm
               LVDCONbits   0x000fd2       data     extern C:\MCC18\v3_39\src\traditional\proc\p18F452.asm
                   OSCCON   0x000fd3       data     extern C:\MCC18\v3_39\src\traditional\proc\p18F452.asm
               OSCCONbits   0x000fd3       data     extern C:\MCC18\v3_39\src\traditional\proc\p18F452.asm
                       PC   0x000ff9       data     extern C:\MCC18\v3_39\src\traditional\proc\p18F452.asm
                      PCL   0x000ff9       data     extern C:\MCC18\v3_39\src\traditional\proc\p18F452.asm
                   PCLATH   0x000ffa       data     extern C:\MCC18\v3_39\src\traditional\proc\p18F452.asm
                   PCLATU   0x000ffb       data     extern C:\MCC18\v3_39\src\traditional\proc\p18F452.asm
                     PIE1   0x000f9d       data     extern C:\MCC18\v3_39\src\traditional\proc\p18F452.asm
                 PIE1bits   0x000f9d       data     extern C:\MCC18\v3_39\src\traditional\proc\p18F452.asm
                     PIE2   0x000fa0       data     extern C:\MCC18\v3_39\src\traditional\proc\p18F452.asm
                 PIE2bits   0x000fa0       data     extern C:\MCC18\v3_39\src\traditional\proc\p18F452.asm
                     PIR1   0x000f9e       data     extern C:\MCC18\v3_39\src\traditional\proc\p18F452.asm
                 PIR1bits   0x000f9e       data     extern C:\MCC18\v3_39\src\traditional\proc\p18F452.asm
                     PIR2   0x000fa1       data     extern C:\MCC18\v3_39\src\traditional\proc\p18F452.asm
                 PIR2bits   0x000fa1       data     extern C:\MCC18\v3_39\src\traditional\proc\p18F452.asm
                   PLUSW0   0x000feb       data     extern C:\MCC18\v3_39\src\traditional\proc\p18F452.asm
                   PLUSW1   0x000fe3       data     extern C:\MCC18\v3_39\src\traditional\proc\p18F452.asm
                   PLUSW2   0x000fdb       data     extern C:\MCC18\v3_39\src\traditional\proc\p18F452.asm
                    PORTA   0x000f80       data     extern C:\MCC18\v3_39\src\traditional\proc\p18F452.asm
                PORTAbits   0x000f80       data     extern C:\MCC18\v3_39\src\traditional\proc\p18F452.asm
                    PORTB   0x000f81       data     extern C:\MCC18\v3_39\src\traditional\proc\p18F452.asm
                PORTBbits   0x000f81       data     extern C:\MCC18\v3_39\src\traditional\proc\p18F452.asm
                    PORTC   0x000f82       data     extern C:\MCC18\v3_39\src\traditional\proc\p18F452.asm
                PORTCbits   0x000f82       data     extern C:\MCC18\v3_39\src\traditional\proc\p18F452.asm
                    PORTD   0x000f83       data     extern C:\MCC18\v3_39\src\traditional\proc\p18F452.asm
                PORTDbits   0x000f83       data     extern C:\MCC18\v3_39\src\traditional\proc\p18F452.asm
                    PORTE   0x000f84       data     extern C:\MCC18\v3_39\src\traditional\proc\p18F452.asm
                PORTEbits   0x000f84       data     extern C:\MCC18\v3_39\src\traditional\proc\p18F452.asm
                 POSTDEC0   0x000fed       data     extern C:\MCC18\v3_39\src\traditional\proc\p18F452.asm
                 POSTDEC1   0x000fe5       data     extern C:\MCC18\v3_39\src\traditional\proc\p18F452.asm
                 POSTDEC2   0x000fdd       data     extern C:\MCC18\v3_39\src\traditional\proc\p18F452.asm
                 POSTINC0   0x000fee       data     extern C:\MCC18\v3_39\src\traditional\proc\p18F452.asm
                 POSTINC1   0x000fe6       data     extern C:\MCC18\v3_39\src\traditional\proc\p18F452.asm
                 POSTINC2   0x000fde       data     extern C:\MCC18\v3_39\src\traditional\proc\p18F452.asm
                      PR2   0x000fcb       data     extern C:\MCC18\v3_39\src\traditional\proc\p18F452.asm
                  PREINC0   0x000fec       data     extern C:\MCC18\v3_39\src\traditional\proc\p18F452.asm
                  PREINC1   0x000fe4       data     extern C:\MCC18\v3_39\src\traditional\proc\p18F452.asm
                  PREINC2   0x000fdc       data     extern C:\MCC18\v3_39\src\traditional\proc\p18F452.asm
                     PROD   0x000ff3       data     extern C:\MCC18\v3_39\src\traditional\proc\p18F452.asm
                    PRODH   0x000ff4       data     extern C:\MCC18\v3_39\src\traditional\proc\p18F452.asm
                    PRODL   0x000ff3       data     extern C:\MCC18\v3_39\src\traditional\proc\p18F452.asm
                     RCON   0x000fd0       data     extern C:\MCC18\v3_39\src\traditional\proc\p18F452.asm
                 RCONbits   0x000fd0       data     extern C:\MCC18\v3_39\src\traditional\proc\p18F452.asm
                    RCREG   0x000fae       data     extern C:\MCC18\v3_39\src\traditional\proc\p18F452.asm
                    RCSTA   0x000fab       data     extern C:\MCC18\v3_39\src\traditional\proc\p18F452.asm
                RCSTAbits   0x000fab       data     extern C:\MCC18\v3_39\src\traditional\proc\p18F452.asm
                     SIGN   0x000000       data     extern C:\MCC18\v3_39\src\traditional\math\cmath18.asm
                    SPBRG   0x000faf       data     extern C:\MCC18\v3_39\src\traditional\proc\p18F452.asm
                   SSPADD   0x000fc8       data     extern C:\MCC18\v3_39\src\traditional\proc\p18F452.asm
                   SSPBUF   0x000fc9       data     extern C:\MCC18\v3_39\src\traditional\proc\p18F452.asm
                  SSPCON1   0x000fc6       data     extern C:\MCC18\v3_39\src\traditional\proc\p18F452.asm
              SSPCON1bits   0x000fc6       data     extern C:\MCC18\v3_39\src\traditional\proc\p18F452.asm
                  SSPCON2   0x000fc5       data     extern C:\MCC18\v3_39\src\traditional\proc\p18F452.asm
              SSPCON2bits   0x000fc5       data     extern C:\MCC18\v3_39\src\traditional\proc\p18F452.asm
                  SSPSTAT   0x000fc7       data     extern C:\MCC18\v3_39\src\traditional\proc\p18F452.asm
              SSPSTATbits   0x000fc7       data     extern C:\MCC18\v3_39\src\traditional\proc\p18F452.asm
                   STATUS   0x000fd8       data     extern C:\MCC18\v3_39\src\traditional\proc\p18F452.asm
               STATUSbits   0x000fd8       data     extern C:\MCC18\v3_39\src\traditional\proc\p18F452.asm
                   STKPTR   0x000ffc       data     extern C:\MCC18\v3_39\src\traditional\proc\p18F452.asm
               STKPTRbits   0x000ffc       data     extern C:\MCC18\v3_39\src\traditional\proc\p18F452.asm
                    T0CON   0x000fd5       data     extern C:\MCC18\v3_39\src\traditional\proc\p18F452.asm
                T0CONbits   0x000fd5       data     extern C:\MCC18\v3_39\src\traditional\proc\p18F452.asm
                    T1CON   0x000fcd       data     extern C:\MCC18\v3_39\src\traditional\proc\p18F452.asm
                T1CONbits   0x000fcd       data     extern C:\MCC18\v3_39\src\traditional\proc\p18F452.asm
                    T2CON   0x000fca       data     extern C:\MCC18\v3_39\src\traditional\proc\p18F452.asm
                T2CONbits   0x000fca       data     extern C:\MCC18\v3_39\src\traditional\proc\p18F452.asm
                    T3CON   0x000fb1       data     extern C:\MCC18\v3_39\src\traditional\proc\p18F452.asm
                T3CONbits   0x000fb1       data     extern C:\MCC18\v3_39\src\traditional\proc\p18F452.asm
                   TABLAT   0x000ff5       data     extern C:\MCC18\v3_39\src\traditional\proc\p18F452.asm
                   TBLPTR   0x000ff6       data     extern C:\MCC18\v3_39\src\traditional\proc\p18F452.asm
                  TBLPTRH   0x000ff7       data     extern C:\MCC18\v3_39\src\traditional\proc\p18F452.asm
                  TBLPTRL   0x000ff6       data     extern C:\MCC18\v3_39\src\traditional\proc\p18F452.asm
                  TBLPTRU   0x000ff8       data     extern C:\MCC18\v3_39\src\traditional\proc\p18F452.asm
                    TMR0H   0x000fd7       data     extern C:\MCC18\v3_39\src\traditional\proc\p18F452.asm
                    TMR0L   0x000fd6       data     extern C:\MCC18\v3_39\src\traditional\proc\p18F452.asm
                    TMR1H   0x000fcf       data     extern C:\MCC18\v3_39\src\traditional\proc\p18F452.asm
                    TMR1L   0x000fce       data     extern C:\MCC18\v3_39\src\traditional\proc\p18F452.asm
                     TMR2   0x000fcc       data     extern C:\MCC18\v3_39\src\traditional\proc\p18F452.asm
                    TMR3H   0x000fb3       data     extern C:\MCC18\v3_39\src\traditional\proc\p18F452.asm
                    TMR3L   0x000fb2       data     extern C:\MCC18\v3_39\src\traditional\proc\p18F452.asm
                      TOS   0x000ffd       data     extern C:\MCC18\v3_39\src\traditional\proc\p18F452.asm
                     TOSH   0x000ffe       data     extern C:\MCC18\v3_39\src\traditional\proc\p18F452.asm
                     TOSL   0x000ffd       data     extern C:\MCC18\v3_39\src\traditional\proc\p18F452.asm
                     TOSU   0x000fff       data     extern C:\MCC18\v3_39\src\traditional\proc\p18F452.asm
                    TRISA   0x000f92       data     extern C:\MCC18\v3_39\src\traditional\proc\p18F452.asm
                TRISAbits   0x000f92       data     extern C:\MCC18\v3_39\src\traditional\proc\p18F452.asm
                    TRISB   0x000f93       data     extern C:\MCC18\v3_39\src\traditional\proc\p18F452.asm
                TRISBbits   0x000f93       data     extern C:\MCC18\v3_39\src\traditional\proc\p18F452.asm
                    TRISC   0x000f94       data     extern C:\MCC18\v3_39\src\traditional\proc\p18F452.asm
                TRISCbits   0x000f94       data     extern C:\MCC18\v3_39\src\traditional\proc\p18F452.asm
                    TRISD   0x000f95       data     extern C:\MCC18\v3_39\src\traditional\proc\p18F452.asm
                TRISDbits   0x000f95       data     extern C:\MCC18\v3_39\src\traditional\proc\p18F452.asm
                    TRISE   0x000f96       data     extern C:\MCC18\v3_39\src\traditional\proc\p18F452.asm
                TRISEbits   0x000f96       data     extern C:\MCC18\v3_39\src\traditional\proc\p18F452.asm
                    TXREG   0x000fad       data     extern C:\MCC18\v3_39\src\traditional\proc\p18F452.asm
                    TXSTA   0x000fac       data     extern C:\MCC18\v3_39\src\traditional\proc\p18F452.asm
                TXSTAbits   0x000fac       data     extern C:\MCC18\v3_39\src\traditional\proc\p18F452.asm
                        W   0x000fe8       data     extern C:\MCC18\v3_39\src\traditional\proc\p18F452.asm
                   WDTCON   0x000fd1       data     extern C:\MCC18\v3_39\src\traditional\proc\p18F452.asm
               WDTCONbits   0x000fd1       data     extern C:\MCC18\v3_39\src\traditional\proc\p18F452.asm
                     WREG   0x000fe8       data     extern C:\MCC18\v3_39\src\traditional\proc\p18F452.asm
                 __AARGB0   0x000009       data     extern C:\MCC18\v3_39\src\traditional\math\aarg.asm
                 __AARGB1   0x000008       data     extern C:\MCC18\v3_39\src\traditional\math\aarg.asm
                 __AARGB2   0x000007       data     extern C:\MCC18\v3_39\src\traditional\math\aarg.asm
                 __AARGB3   0x000006       data     extern C:\MCC18\v3_39\src\traditional\math\aarg.asm
                 __AARGB4   0x000005       data     extern C:\MCC18\v3_39\src\traditional\math\aarg.asm
                 __AARGB5   0x000004       data     extern C:\MCC18\v3_39\src\traditional\math\aarg.asm
                 __AARGB6   0x000003       data     extern C:\MCC18\v3_39\src\traditional\math\aarg.asm
                 __AARGB7   0x000002       data     extern C:\MCC18\v3_39\src\traditional\math\aarg.asm
                   __AEXP   0x00000a       data     extern C:\MCC18\v3_39\src\traditional\math\aarg.asm
                 __BARGB0   0x00000e       data     extern C:\MCC18\v3_39\src\traditional\math\barg.asm
                 __BARGB1   0x00000d       data     extern C:\MCC18\v3_39\src\traditional\math\barg.asm
                 __BARGB2   0x00000c       data     extern C:\MCC18\v3_39\src\traditional\math\barg.asm
                 __BARGB3   0x00000b       data     extern C:\MCC18\v3_39\src\traditional\math\barg.asm
                   __BEXP   0x00000f       data     extern C:\MCC18\v3_39\src\traditional\math\barg.asm
                __FPFLAGS   0x000001       data     extern C:\MCC18\v3_39\src\traditional\math\cmath18.asm
            __FPFLAGSbits   0x000001       data     extern C:\MCC18\v3_39\src\traditional\math\cmath18.asm
                  __REMB0   0x000005       data     extern C:\MCC18\v3_39\src\traditional\math\aarg.asm
                  __REMB1   0x000004       data     extern C:\MCC18\v3_39\src\traditional\math\aarg.asm
                  __REMB2   0x000003       data     extern C:\MCC18\v3_39\src\traditional\math\aarg.asm
                  __REMB3   0x000002       data     extern C:\MCC18\v3_39\src\traditional\math\aarg.asm
                   __TEMP   0x000013       data     extern C:\MCC18\v3_39\src\traditional\math\temparg.asm
                 __TEMPB0   0x000013       data     extern C:\MCC18\v3_39\src\traditional\math\temparg.asm
                 __TEMPB1   0x000012       data     extern C:\MCC18\v3_39\src\traditional\math\temparg.asm
                 __TEMPB2   0x000011       data     extern C:\MCC18\v3_39\src\traditional\math\temparg.asm
                 __TEMPB3   0x000010       data     extern C:\MCC18\v3_39\src\traditional\math\temparg.asm
          __stringToRam:0   0x0004ac       data     extern /Users/saivanhamama/MPLABXProjects/myLCD.X/main.c
          __stringToRam:1   0x0004ae       data     extern /Users/saivanhamama/MPLABXProjects/myLCD.X/main.c
                  __tmp_0   0x000014       data     static /Users/saivanhamama/MPLABXProjects/myLCD.X/main.c
                  __tmp_0   0x000014       data     static /Users/saivanhamama/MPLABXProjects/myLCD.X/LCD.c
                curr_byte   0x0004b3       data     static C:\MCC18\v3_39\src\traditional\startup\c018i.c
               curr_entry   0x0004b5       data     static C:\MCC18\v3_39\src\traditional\startup\c018i.c
         currentLCDColumn   0x0002f0       data     extern /Users/saivanhamama/MPLABXProjects/myLCD.X/LCD.c
            currentLCDRow   0x0002ef       data     extern /Users/saivanhamama/MPLABXProjects/myLCD.X/LCD.c
                 data_ptr   0x0004b7       data     static C:\MCC18\v3_39\src\traditional\startup\c018i.c
              destination   0x0004ae       data     static /Users/saivanhamama/MPLABXProjects/myLCD.X/main.c
                gotoParam   0x0001a5       data     extern /Users/saivanhamama/MPLABXProjects/myLCD.X/userLocal.c
             gotoPosition   0x0001e7       data     extern /Users/saivanhamama/MPLABXProjects/myLCD.X/userLocal.c
               highNibble   0x0004ba       data     static /Users/saivanhamama/MPLABXProjects/myLCD.X/LCD.c
               limitEntry   0x00024a       data     extern /Users/saivanhamama/MPLABXProjects/myLCD.X/userLocal.c
                 mainMenu   0x0002ad       data     extern /Users/saivanhamama/MPLABXProjects/myLCD.X/userLocal.c
           manualMovement   0x000142       data     extern /Users/saivanhamama/MPLABXProjects/myLCD.X/userLocal.c
                     prom   0x0004b0       data     static C:\MCC18\v3_39\src\traditional\startup\c018i.c
               remoteMode   0x00028c       data     extern /Users/saivanhamama/MPLABXProjects/myLCD.X/userLocal.c
                setLimits   0x00026b       data     extern /Users/saivanhamama/MPLABXProjects/myLCD.X/userLocal.c
                 setParam   0x0001c6       data     extern /Users/saivanhamama/MPLABXProjects/myLCD.X/userLocal.c
                   source   0x0004ac       data     static /Users/saivanhamama/MPLABXProjects/myLCD.X/main.c
      successfulGotoEntry   0x000184       data     extern /Users/saivanhamama/MPLABXProjects/myLCD.X/userLocal.c
     successfulLimitEntry   0x000229       data     extern /Users/saivanhamama/MPLABXProjects/myLCD.X/userLocal.c
             targetStatus   0x000100       data     extern /Users/saivanhamama/MPLABXProjects/myLCD.X/userLocal.c
              temperature   0x000121       data     extern /Users/saivanhamama/MPLABXProjects/myLCD.X/userLocal.c
                  topLine   0x00049c       data     extern /Users/saivanhamama/MPLABXProjects/myLCD.X/main.c
    unsuccessfulGotoEntry   0x000163       data     extern /Users/saivanhamama/MPLABXProjects/myLCD.X/userLocal.c
   unsuccessfulLimitEntry   0x000208       data     extern /Users/saivanhamama/MPLABXProjects/myLCD.X/userLocal.c
              welcomeMenu   0x0002ce       data     extern /Users/saivanhamama/MPLABXProjects/myLCD.X/userLocal.c



                              Symbols - Sorted by Address
                     Name    Address   Location    Storage File                     
                ---------  ---------  ---------  --------- ---------                
                   _entry   0x000000    program     extern C:\MCC18\v3_39\src\traditional\startup\c018i.c
       ___return_lbl00000   0x000004    program     static                          
                  delayMs   0x000044    program     extern /Users/saivanhamama/MPLABXProjects/myLCD.X/LCD.c
            LCDInitialise   0x000096    program     extern /Users/saivanhamama/MPLABXProjects/myLCD.X/LCD.c
                 LCDOnOff   0x0000c8    program     extern /Users/saivanhamama/MPLABXProjects/myLCD.X/LCD.c
           LCDInstruction   0x0000e2    program     extern /Users/saivanhamama/MPLABXProjects/myLCD.X/LCD.c
            LCDMoveCursor   0x00011c    program     extern /Users/saivanhamama/MPLABXProjects/myLCD.X/LCD.c
             LCDWriteHere   0x000156    program     extern /Users/saivanhamama/MPLABXProjects/myLCD.X/LCD.c
            LCDPushString   0x00016a    program     extern /Users/saivanhamama/MPLABXProjects/myLCD.X/LCD.c
                   __pa_0   0x0001a4    program     static /Users/saivanhamama/MPLABXProjects/myLCD.X/LCD.c
                   __pa_1   0x0001ac    program     static /Users/saivanhamama/MPLABXProjects/myLCD.X/LCD.c
                   __pa_2   0x0001bc    program     static /Users/saivanhamama/MPLABXProjects/myLCD.X/LCD.c
                   __pa_3   0x0001c6    program     static /Users/saivanhamama/MPLABXProjects/myLCD.X/LCD.c
                   __pa_4   0x0001ce    program     static /Users/saivanhamama/MPLABXProjects/myLCD.X/LCD.c
                   __pa_5   0x0001d8    program     static /Users/saivanhamama/MPLABXProjects/myLCD.X/LCD.c
                   __pa_6   0x0001e8    program     static /Users/saivanhamama/MPLABXProjects/myLCD.X/LCD.c
                   __pa_7   0x0001f2    program     static /Users/saivanhamama/MPLABXProjects/myLCD.X/LCD.c
                   __pa_8   0x0001fa    program     static /Users/saivanhamama/MPLABXProjects/myLCD.X/LCD.c
              __string_31   0x000206    program     static /Users/saivanhamama/MPLABXProjects/myLCD.X/LCD.c
              __string_30   0x00020d    program     static /Users/saivanhamama/MPLABXProjects/myLCD.X/LCD.c
              __string_29   0x00021b    program     static /Users/saivanhamama/MPLABXProjects/myLCD.X/LCD.c
              __string_28   0x000229    program     static /Users/saivanhamama/MPLABXProjects/myLCD.X/LCD.c
              __string_27   0x000235    program     static /Users/saivanhamama/MPLABXProjects/myLCD.X/LCD.c
              __string_26   0x000241    program     static /Users/saivanhamama/MPLABXProjects/myLCD.X/LCD.c
              __string_25   0x00024e    program     static /Users/saivanhamama/MPLABXProjects/myLCD.X/LCD.c
              __string_24   0x00025b    program     static /Users/saivanhamama/MPLABXProjects/myLCD.X/LCD.c
              __string_23   0x00026a    program     static /Users/saivanhamama/MPLABXProjects/myLCD.X/LCD.c
              __string_22   0x000277    program     static /Users/saivanhamama/MPLABXProjects/myLCD.X/LCD.c
              __string_21   0x000288    program     static /Users/saivanhamama/MPLABXProjects/myLCD.X/LCD.c
              __string_20   0x000290    program     static /Users/saivanhamama/MPLABXProjects/myLCD.X/LCD.c
              __string_19   0x00029b    program     static /Users/saivanhamama/MPLABXProjects/myLCD.X/LCD.c
              __string_18   0x0002a7    program     static /Users/saivanhamama/MPLABXProjects/myLCD.X/LCD.c
              __string_17   0x0002ad    program     static /Users/saivanhamama/MPLABXProjects/myLCD.X/LCD.c
              __string_16   0x0002b2    program     static /Users/saivanhamama/MPLABXProjects/myLCD.X/LCD.c
              __string_15   0x0002bb    program     static /Users/saivanhamama/MPLABXProjects/myLCD.X/LCD.c
              __string_14   0x0002c5    program     static /Users/saivanhamama/MPLABXProjects/myLCD.X/LCD.c
              __string_13   0x0002cd    program     static /Users/saivanhamama/MPLABXProjects/myLCD.X/LCD.c
              __string_12   0x0002d2    program     static /Users/saivanhamama/MPLABXProjects/myLCD.X/LCD.c
              __string_11   0x0002d7    program     static /Users/saivanhamama/MPLABXProjects/myLCD.X/LCD.c
              __string_10   0x0002dc    program     static /Users/saivanhamama/MPLABXProjects/myLCD.X/LCD.c
               __string_9   0x0002ec    program     static /Users/saivanhamama/MPLABXProjects/myLCD.X/LCD.c
               __string_8   0x0002fb    program     static /Users/saivanhamama/MPLABXProjects/myLCD.X/LCD.c
               __string_7   0x00030c    program     static /Users/saivanhamama/MPLABXProjects/myLCD.X/LCD.c
               __string_6   0x000318    program     static /Users/saivanhamama/MPLABXProjects/myLCD.X/LCD.c
               __string_5   0x000323    program     static /Users/saivanhamama/MPLABXProjects/myLCD.X/LCD.c
               __string_4   0x000331    program     static /Users/saivanhamama/MPLABXProjects/myLCD.X/LCD.c
               __string_3   0x00033d    program     static /Users/saivanhamama/MPLABXProjects/myLCD.X/LCD.c
               __string_2   0x00034b    program     static /Users/saivanhamama/MPLABXProjects/myLCD.X/LCD.c
               __string_1   0x000355    program     static /Users/saivanhamama/MPLABXProjects/myLCD.X/LCD.c
               __string_0   0x000360    program     static /Users/saivanhamama/MPLABXProjects/myLCD.X/LCD.c
              stringToRam   0x000372    program     extern /Users/saivanhamama/MPLABXProjects/myLCD.X/main.c
                     main   0x0003a0    program     extern /Users/saivanhamama/MPLABXProjects/myLCD.X/main.c
                   __pa_0   0x000458    program     static /Users/saivanhamama/MPLABXProjects/myLCD.X/main.c
                _do_cinit   0x00046c    program     extern C:\MCC18\v3_39\src\traditional\startup\c018i.c
                     test   0x000486    program     static                          
                copy_loop   0x0004de    program     static                          
            copy_one_byte   0x0004e4    program     static                          
             done_copying   0x0004f2    program     static                          
                     done   0x000508    program     static                          
       ___return_lbl00002   0x000508    program     static                          
                 FXM1616U   0x00050a    program     extern C:\MCC18\v3_39\src\traditional\math\fxm1616u.asm
            __zero_memory   0x000546    program     extern C:\MCC18\v3_39\src\traditional\proc\p18F452.asm
               zero_block   0x000554    program     static C:\MCC18\v3_39\src\traditional\proc\p18F452.asm
                   loop_h   0x000554    program     static C:\MCC18\v3_39\src\traditional\proc\p18F452.asm
                compare_l   0x00055c    program     static C:\MCC18\v3_39\src\traditional\proc\p18F452.asm
                   loop_l   0x00055e    program     static C:\MCC18\v3_39\src\traditional\proc\p18F452.asm
                 _startup   0x000566    program     extern C:\MCC18\v3_39\src\traditional\startup\c018i.c
                     loop   0x000576    program     static                          
       ___return_lbl00001   0x000580    program     static                          
                    print   0x000582    program     extern /Users/saivanhamama/MPLABXProjects/myLCD.X/userLocal.c
                   __init   0x000584    program     extern C:\MCC18\v3_39\src\traditional\stdclib\__init.c
               __config_0   0x300001    program     static /Users/saivanhamama/MPLABXProjects/myLCD.X/main.c
               __config_1   0x300002    program     static /Users/saivanhamama/MPLABXProjects/myLCD.X/main.c
               __config_2   0x300003    program     static /Users/saivanhamama/MPLABXProjects/myLCD.X/main.c
               __config_3   0x300006    program     static /Users/saivanhamama/MPLABXProjects/myLCD.X/main.c
               __config_4   0x300008    program     static /Users/saivanhamama/MPLABXProjects/myLCD.X/main.c
               __config_5   0x300009    program     static /Users/saivanhamama/MPLABXProjects/myLCD.X/main.c
               __config_6   0x30000a    program     static /Users/saivanhamama/MPLABXProjects/myLCD.X/main.c
               __config_7   0x30000b    program     static /Users/saivanhamama/MPLABXProjects/myLCD.X/main.c
               __config_8   0x30000c    program     static /Users/saivanhamama/MPLABXProjects/myLCD.X/main.c
               __config_9   0x30000d    program     static /Users/saivanhamama/MPLABXProjects/myLCD.X/main.c
                     SIGN   0x000000       data     extern C:\MCC18\v3_39\src\traditional\math\cmath18.asm
                __FPFLAGS   0x000001       data     extern C:\MCC18\v3_39\src\traditional\math\cmath18.asm
            __FPFLAGSbits   0x000001       data     extern C:\MCC18\v3_39\src\traditional\math\cmath18.asm
                  __REMB3   0x000002       data     extern C:\MCC18\v3_39\src\traditional\math\aarg.asm
                 __AARGB7   0x000002       data     extern C:\MCC18\v3_39\src\traditional\math\aarg.asm
                  __REMB2   0x000003       data     extern C:\MCC18\v3_39\src\traditional\math\aarg.asm
                 __AARGB6   0x000003       data     extern C:\MCC18\v3_39\src\traditional\math\aarg.asm
                  __REMB1   0x000004       data     extern C:\MCC18\v3_39\src\traditional\math\aarg.asm
                 __AARGB5   0x000004       data     extern C:\MCC18\v3_39\src\traditional\math\aarg.asm
                  __REMB0   0x000005       data     extern C:\MCC18\v3_39\src\traditional\math\aarg.asm
                 __AARGB4   0x000005       data     extern C:\MCC18\v3_39\src\traditional\math\aarg.asm
                 __AARGB3   0x000006       data     extern C:\MCC18\v3_39\src\traditional\math\aarg.asm
                 __AARGB2   0x000007       data     extern C:\MCC18\v3_39\src\traditional\math\aarg.asm
                 __AARGB1   0x000008       data     extern C:\MCC18\v3_39\src\traditional\math\aarg.asm
                 __AARGB0   0x000009       data     extern C:\MCC18\v3_39\src\traditional\math\aarg.asm
                   __AEXP   0x00000a       data     extern C:\MCC18\v3_39\src\traditional\math\aarg.asm
                 __BARGB3   0x00000b       data     extern C:\MCC18\v3_39\src\traditional\math\barg.asm
                 __BARGB2   0x00000c       data     extern C:\MCC18\v3_39\src\traditional\math\barg.asm
                 __BARGB1   0x00000d       data     extern C:\MCC18\v3_39\src\traditional\math\barg.asm
                 __BARGB0   0x00000e       data     extern C:\MCC18\v3_39\src\traditional\math\barg.asm
                   __BEXP   0x00000f       data     extern C:\MCC18\v3_39\src\traditional\math\barg.asm
                 __TEMPB3   0x000010       data     extern C:\MCC18\v3_39\src\traditional\math\temparg.asm
                 __TEMPB2   0x000011       data     extern C:\MCC18\v3_39\src\traditional\math\temparg.asm
                 __TEMPB1   0x000012       data     extern C:\MCC18\v3_39\src\traditional\math\temparg.asm
                   __TEMP   0x000013       data     extern C:\MCC18\v3_39\src\traditional\math\temparg.asm
                 __TEMPB0   0x000013       data     extern C:\MCC18\v3_39\src\traditional\math\temparg.asm
                  __tmp_0   0x000014       data     static /Users/saivanhamama/MPLABXProjects/myLCD.X/LCD.c
                  __tmp_0   0x000014       data     static /Users/saivanhamama/MPLABXProjects/myLCD.X/main.c
             targetStatus   0x000100       data     extern /Users/saivanhamama/MPLABXProjects/myLCD.X/userLocal.c
              temperature   0x000121       data     extern /Users/saivanhamama/MPLABXProjects/myLCD.X/userLocal.c
           manualMovement   0x000142       data     extern /Users/saivanhamama/MPLABXProjects/myLCD.X/userLocal.c
    unsuccessfulGotoEntry   0x000163       data     extern /Users/saivanhamama/MPLABXProjects/myLCD.X/userLocal.c
      successfulGotoEntry   0x000184       data     extern /Users/saivanhamama/MPLABXProjects/myLCD.X/userLocal.c
                gotoParam   0x0001a5       data     extern /Users/saivanhamama/MPLABXProjects/myLCD.X/userLocal.c
                 setParam   0x0001c6       data     extern /Users/saivanhamama/MPLABXProjects/myLCD.X/userLocal.c
             gotoPosition   0x0001e7       data     extern /Users/saivanhamama/MPLABXProjects/myLCD.X/userLocal.c
   unsuccessfulLimitEntry   0x000208       data     extern /Users/saivanhamama/MPLABXProjects/myLCD.X/userLocal.c
     successfulLimitEntry   0x000229       data     extern /Users/saivanhamama/MPLABXProjects/myLCD.X/userLocal.c
               limitEntry   0x00024a       data     extern /Users/saivanhamama/MPLABXProjects/myLCD.X/userLocal.c
                setLimits   0x00026b       data     extern /Users/saivanhamama/MPLABXProjects/myLCD.X/userLocal.c
               remoteMode   0x00028c       data     extern /Users/saivanhamama/MPLABXProjects/myLCD.X/userLocal.c
                 mainMenu   0x0002ad       data     extern /Users/saivanhamama/MPLABXProjects/myLCD.X/userLocal.c
              welcomeMenu   0x0002ce       data     extern /Users/saivanhamama/MPLABXProjects/myLCD.X/userLocal.c
            currentLCDRow   0x0002ef       data     extern /Users/saivanhamama/MPLABXProjects/myLCD.X/LCD.c
         currentLCDColumn   0x0002f0       data     extern /Users/saivanhamama/MPLABXProjects/myLCD.X/LCD.c
       LCDSWelcomeMessage   0x0002f1       data     extern /Users/saivanhamama/MPLABXProjects/myLCD.X/LCD.c
              LCDSPressGo   0x000302       data     extern /Users/saivanhamama/MPLABXProjects/myLCD.X/LCD.c
             LCDSMainMenu   0x00030d       data     extern /Users/saivanhamama/MPLABXProjects/myLCD.X/LCD.c
               LCDSStatus   0x000317       data     extern /Users/saivanhamama/MPLABXProjects/myLCD.X/LCD.c
          LCDSTemperature   0x000325       data     extern /Users/saivanhamama/MPLABXProjects/myLCD.X/LCD.c
                 LCDSGoto   0x000331       data     extern /Users/saivanhamama/MPLABXProjects/myLCD.X/LCD.c
               LCDSLimits   0x00033f       data     extern /Users/saivanhamama/MPLABXProjects/myLCD.X/LCD.c
               LCDSRemote   0x00034a       data     extern /Users/saivanhamama/MPLABXProjects/myLCD.X/LCD.c
             LCDSNotFound   0x000356       data     extern /Users/saivanhamama/MPLABXProjects/myLCD.X/LCD.c
            LCDSSearching   0x000367       data     extern /Users/saivanhamama/MPLABXProjects/myLCD.X/LCD.c
             LCDSAcquired   0x000376       data     extern /Users/saivanhamama/MPLABXProjects/myLCD.X/LCD.c
                 LCDSDist   0x000386       data     extern /Users/saivanhamama/MPLABXProjects/myLCD.X/LCD.c
                 LCDSAzim   0x00038b       data     extern /Users/saivanhamama/MPLABXProjects/myLCD.X/LCD.c
                 LCDSElev   0x000390       data     extern /Users/saivanhamama/MPLABXProjects/myLCD.X/LCD.c
              LCDSAzimuth   0x000395       data     extern /Users/saivanhamama/MPLABXProjects/myLCD.X/LCD.c
            LCDSElevation   0x00039d       data     extern /Users/saivanhamama/MPLABXProjects/myLCD.X/LCD.c
             LCDSManually   0x0003a7       data     extern /Users/saivanhamama/MPLABXProjects/myLCD.X/LCD.c
                  LCDSSet   0x0003b0       data     extern /Users/saivanhamama/MPLABXProjects/myLCD.X/LCD.c
              LCDSGotoPos   0x0003b5       data     extern /Users/saivanhamama/MPLABXProjects/myLCD.X/LCD.c
                 LCDSMove   0x0003bb       data     extern /Users/saivanhamama/MPLABXProjects/myLCD.X/LCD.c
               LCDSArrows   0x0003c7       data     extern /Users/saivanhamama/MPLABXProjects/myLCD.X/LCD.c
                LCDSAngle   0x0003d2       data     extern /Users/saivanhamama/MPLABXProjects/myLCD.X/LCD.c
              LCDSSuccess   0x0003da       data     extern /Users/saivanhamama/MPLABXProjects/myLCD.X/LCD.c
           LCDSOutOfRange   0x0003eb       data     extern /Users/saivanhamama/MPLABXProjects/myLCD.X/LCD.c
              LCDSReenter   0x0003f8       data     extern /Users/saivanhamama/MPLABXProjects/myLCD.X/LCD.c
              LCDSMinDist   0x000407       data     extern /Users/saivanhamama/MPLABXProjects/myLCD.X/LCD.c
              LCDSMaxDist   0x000414       data     extern /Users/saivanhamama/MPLABXProjects/myLCD.X/LCD.c
              LCDSMinAzim   0x000421       data     extern /Users/saivanhamama/MPLABXProjects/myLCD.X/LCD.c
              LCDSMaxAzim   0x00042d       data     extern /Users/saivanhamama/MPLABXProjects/myLCD.X/LCD.c
              LCDSMinElev   0x000439       data     extern /Users/saivanhamama/MPLABXProjects/myLCD.X/LCD.c
              LCDSMaxElev   0x000447       data     extern /Users/saivanhamama/MPLABXProjects/myLCD.X/LCD.c
                LCDSValue   0x000455       data     extern /Users/saivanhamama/MPLABXProjects/myLCD.X/LCD.c
               LCDStrings   0x00045c       data     extern /Users/saivanhamama/MPLABXProjects/myLCD.X/LCD.c
                  topLine   0x00049c       data     extern /Users/saivanhamama/MPLABXProjects/myLCD.X/main.c
          __stringToRam:0   0x0004ac       data     extern /Users/saivanhamama/MPLABXProjects/myLCD.X/main.c
                   source   0x0004ac       data     static /Users/saivanhamama/MPLABXProjects/myLCD.X/main.c
          __stringToRam:1   0x0004ae       data     extern /Users/saivanhamama/MPLABXProjects/myLCD.X/main.c
              destination   0x0004ae       data     static /Users/saivanhamama/MPLABXProjects/myLCD.X/main.c
                     prom   0x0004b0       data     static C:\MCC18\v3_39\src\traditional\startup\c018i.c
                curr_byte   0x0004b3       data     static C:\MCC18\v3_39\src\traditional\startup\c018i.c
               curr_entry   0x0004b5       data     static C:\MCC18\v3_39\src\traditional\startup\c018i.c
                 data_ptr   0x0004b7       data     static C:\MCC18\v3_39\src\traditional\startup\c018i.c
               highNibble   0x0004ba       data     static /Users/saivanhamama/MPLABXProjects/myLCD.X/LCD.c
                    PORTA   0x000f80       data     extern C:\MCC18\v3_39\src\traditional\proc\p18F452.asm
                PORTAbits   0x000f80       data     extern C:\MCC18\v3_39\src\traditional\proc\p18F452.asm
                    PORTB   0x000f81       data     extern C:\MCC18\v3_39\src\traditional\proc\p18F452.asm
                PORTBbits   0x000f81       data     extern C:\MCC18\v3_39\src\traditional\proc\p18F452.asm
                PORTCbits   0x000f82       data     extern C:\MCC18\v3_39\src\traditional\proc\p18F452.asm
                    PORTC   0x000f82       data     extern C:\MCC18\v3_39\src\traditional\proc\p18F452.asm
                PORTDbits   0x000f83       data     extern C:\MCC18\v3_39\src\traditional\proc\p18F452.asm
                    PORTD   0x000f83       data     extern C:\MCC18\v3_39\src\traditional\proc\p18F452.asm
                PORTEbits   0x000f84       data     extern C:\MCC18\v3_39\src\traditional\proc\p18F452.asm
                    PORTE   0x000f84       data     extern C:\MCC18\v3_39\src\traditional\proc\p18F452.asm
                 LATAbits   0x000f89       data     extern C:\MCC18\v3_39\src\traditional\proc\p18F452.asm
                     LATA   0x000f89       data     extern C:\MCC18\v3_39\src\traditional\proc\p18F452.asm
                 LATBbits   0x000f8a       data     extern C:\MCC18\v3_39\src\traditional\proc\p18F452.asm
                     LATB   0x000f8a       data     extern C:\MCC18\v3_39\src\traditional\proc\p18F452.asm
                 LATCbits   0x000f8b       data     extern C:\MCC18\v3_39\src\traditional\proc\p18F452.asm
                     LATC   0x000f8b       data     extern C:\MCC18\v3_39\src\traditional\proc\p18F452.asm
                 LATDbits   0x000f8c       data     extern C:\MCC18\v3_39\src\traditional\proc\p18F452.asm
                     LATD   0x000f8c       data     extern C:\MCC18\v3_39\src\traditional\proc\p18F452.asm
                     LATE   0x000f8d       data     extern C:\MCC18\v3_39\src\traditional\proc\p18F452.asm
                 LATEbits   0x000f8d       data     extern C:\MCC18\v3_39\src\traditional\proc\p18F452.asm
                 DDRAbits   0x000f92       data     extern C:\MCC18\v3_39\src\traditional\proc\p18F452.asm
                     DDRA   0x000f92       data     extern C:\MCC18\v3_39\src\traditional\proc\p18F452.asm
                TRISAbits   0x000f92       data     extern C:\MCC18\v3_39\src\traditional\proc\p18F452.asm
                    TRISA   0x000f92       data     extern C:\MCC18\v3_39\src\traditional\proc\p18F452.asm
                     DDRB   0x000f93       data     extern C:\MCC18\v3_39\src\traditional\proc\p18F452.asm
                 DDRBbits   0x000f93       data     extern C:\MCC18\v3_39\src\traditional\proc\p18F452.asm
                TRISBbits   0x000f93       data     extern C:\MCC18\v3_39\src\traditional\proc\p18F452.asm
                    TRISB   0x000f93       data     extern C:\MCC18\v3_39\src\traditional\proc\p18F452.asm
                 DDRCbits   0x000f94       data     extern C:\MCC18\v3_39\src\traditional\proc\p18F452.asm
                     DDRC   0x000f94       data     extern C:\MCC18\v3_39\src\traditional\proc\p18F452.asm
                    TRISC   0x000f94       data     extern C:\MCC18\v3_39\src\traditional\proc\p18F452.asm
                TRISCbits   0x000f94       data     extern C:\MCC18\v3_39\src\traditional\proc\p18F452.asm
                 DDRDbits   0x000f95       data     extern C:\MCC18\v3_39\src\traditional\proc\p18F452.asm
                     DDRD   0x000f95       data     extern C:\MCC18\v3_39\src\traditional\proc\p18F452.asm
                TRISDbits   0x000f95       data     extern C:\MCC18\v3_39\src\traditional\proc\p18F452.asm
                    TRISD   0x000f95       data     extern C:\MCC18\v3_39\src\traditional\proc\p18F452.asm
                 DDREbits   0x000f96       data     extern C:\MCC18\v3_39\src\traditional\proc\p18F452.asm
                     DDRE   0x000f96       data     extern C:\MCC18\v3_39\src\traditional\proc\p18F452.asm
                TRISEbits   0x000f96       data     extern C:\MCC18\v3_39\src\traditional\proc\p18F452.asm
                    TRISE   0x000f96       data     extern C:\MCC18\v3_39\src\traditional\proc\p18F452.asm
                 PIE1bits   0x000f9d       data     extern C:\MCC18\v3_39\src\traditional\proc\p18F452.asm
                     PIE1   0x000f9d       data     extern C:\MCC18\v3_39\src\traditional\proc\p18F452.asm
                 PIR1bits   0x000f9e       data     extern C:\MCC18\v3_39\src\traditional\proc\p18F452.asm
                     PIR1   0x000f9e       data     extern C:\MCC18\v3_39\src\traditional\proc\p18F452.asm
                     IPR1   0x000f9f       data     extern C:\MCC18\v3_39\src\traditional\proc\p18F452.asm
                 IPR1bits   0x000f9f       data     extern C:\MCC18\v3_39\src\traditional\proc\p18F452.asm
                     PIE2   0x000fa0       data     extern C:\MCC18\v3_39\src\traditional\proc\p18F452.asm
                 PIE2bits   0x000fa0       data     extern C:\MCC18\v3_39\src\traditional\proc\p18F452.asm
                     PIR2   0x000fa1       data     extern C:\MCC18\v3_39\src\traditional\proc\p18F452.asm
                 PIR2bits   0x000fa1       data     extern C:\MCC18\v3_39\src\traditional\proc\p18F452.asm
                     IPR2   0x000fa2       data     extern C:\MCC18\v3_39\src\traditional\proc\p18F452.asm
                 IPR2bits   0x000fa2       data     extern C:\MCC18\v3_39\src\traditional\proc\p18F452.asm
                   EECON1   0x000fa6       data     extern C:\MCC18\v3_39\src\traditional\proc\p18F452.asm
               EECON1bits   0x000fa6       data     extern C:\MCC18\v3_39\src\traditional\proc\p18F452.asm
                   EECON2   0x000fa7       data     extern C:\MCC18\v3_39\src\traditional\proc\p18F452.asm
                   EEDATA   0x000fa8       data     extern C:\MCC18\v3_39\src\traditional\proc\p18F452.asm
                    EEADR   0x000fa9       data     extern C:\MCC18\v3_39\src\traditional\proc\p18F452.asm
                    RCSTA   0x000fab       data     extern C:\MCC18\v3_39\src\traditional\proc\p18F452.asm
                RCSTAbits   0x000fab       data     extern C:\MCC18\v3_39\src\traditional\proc\p18F452.asm
                TXSTAbits   0x000fac       data     extern C:\MCC18\v3_39\src\traditional\proc\p18F452.asm
                    TXSTA   0x000fac       data     extern C:\MCC18\v3_39\src\traditional\proc\p18F452.asm
                    TXREG   0x000fad       data     extern C:\MCC18\v3_39\src\traditional\proc\p18F452.asm
                    RCREG   0x000fae       data     extern C:\MCC18\v3_39\src\traditional\proc\p18F452.asm
                    SPBRG   0x000faf       data     extern C:\MCC18\v3_39\src\traditional\proc\p18F452.asm
                    T3CON   0x000fb1       data     extern C:\MCC18\v3_39\src\traditional\proc\p18F452.asm
                T3CONbits   0x000fb1       data     extern C:\MCC18\v3_39\src\traditional\proc\p18F452.asm
                    TMR3L   0x000fb2       data     extern C:\MCC18\v3_39\src\traditional\proc\p18F452.asm
                    TMR3H   0x000fb3       data     extern C:\MCC18\v3_39\src\traditional\proc\p18F452.asm
                  CCP2CON   0x000fba       data     extern C:\MCC18\v3_39\src\traditional\proc\p18F452.asm
              CCP2CONbits   0x000fba       data     extern C:\MCC18\v3_39\src\traditional\proc\p18F452.asm
                   CCPR2L   0x000fbb       data     extern C:\MCC18\v3_39\src\traditional\proc\p18F452.asm
                    CCPR2   0x000fbb       data     extern C:\MCC18\v3_39\src\traditional\proc\p18F452.asm
                   CCPR2H   0x000fbc       data     extern C:\MCC18\v3_39\src\traditional\proc\p18F452.asm
                  CCP1CON   0x000fbd       data     extern C:\MCC18\v3_39\src\traditional\proc\p18F452.asm
              CCP1CONbits   0x000fbd       data     extern C:\MCC18\v3_39\src\traditional\proc\p18F452.asm
                   CCPR1L   0x000fbe       data     extern C:\MCC18\v3_39\src\traditional\proc\p18F452.asm
                    CCPR1   0x000fbe       data     extern C:\MCC18\v3_39\src\traditional\proc\p18F452.asm
                   CCPR1H   0x000fbf       data     extern C:\MCC18\v3_39\src\traditional\proc\p18F452.asm
               ADCON1bits   0x000fc1       data     extern C:\MCC18\v3_39\src\traditional\proc\p18F452.asm
                   ADCON1   0x000fc1       data     extern C:\MCC18\v3_39\src\traditional\proc\p18F452.asm
               ADCON0bits   0x000fc2       data     extern C:\MCC18\v3_39\src\traditional\proc\p18F452.asm
                   ADCON0   0x000fc2       data     extern C:\MCC18\v3_39\src\traditional\proc\p18F452.asm
                   ADRESL   0x000fc3       data     extern C:\MCC18\v3_39\src\traditional\proc\p18F452.asm
                    ADRES   0x000fc3       data     extern C:\MCC18\v3_39\src\traditional\proc\p18F452.asm
                   ADRESH   0x000fc4       data     extern C:\MCC18\v3_39\src\traditional\proc\p18F452.asm
              SSPCON2bits   0x000fc5       data     extern C:\MCC18\v3_39\src\traditional\proc\p18F452.asm
                  SSPCON2   0x000fc5       data     extern C:\MCC18\v3_39\src\traditional\proc\p18F452.asm
                  SSPCON1   0x000fc6       data     extern C:\MCC18\v3_39\src\traditional\proc\p18F452.asm
              SSPCON1bits   0x000fc6       data     extern C:\MCC18\v3_39\src\traditional\proc\p18F452.asm
              SSPSTATbits   0x000fc7       data     extern C:\MCC18\v3_39\src\traditional\proc\p18F452.asm
                  SSPSTAT   0x000fc7       data     extern C:\MCC18\v3_39\src\traditional\proc\p18F452.asm
                   SSPADD   0x000fc8       data     extern C:\MCC18\v3_39\src\traditional\proc\p18F452.asm
                   SSPBUF   0x000fc9       data     extern C:\MCC18\v3_39\src\traditional\proc\p18F452.asm
                T2CONbits   0x000fca       data     extern C:\MCC18\v3_39\src\traditional\proc\p18F452.asm
                    T2CON   0x000fca       data     extern C:\MCC18\v3_39\src\traditional\proc\p18F452.asm
                      PR2   0x000fcb       data     extern C:\MCC18\v3_39\src\traditional\proc\p18F452.asm
                     TMR2   0x000fcc       data     extern C:\MCC18\v3_39\src\traditional\proc\p18F452.asm
                T1CONbits   0x000fcd       data     extern C:\MCC18\v3_39\src\traditional\proc\p18F452.asm
                    T1CON   0x000fcd       data     extern C:\MCC18\v3_39\src\traditional\proc\p18F452.asm
                    TMR1L   0x000fce       data     extern C:\MCC18\v3_39\src\traditional\proc\p18F452.asm
                    TMR1H   0x000fcf       data     extern C:\MCC18\v3_39\src\traditional\proc\p18F452.asm
                 RCONbits   0x000fd0       data     extern C:\MCC18\v3_39\src\traditional\proc\p18F452.asm
                     RCON   0x000fd0       data     extern C:\MCC18\v3_39\src\traditional\proc\p18F452.asm
               WDTCONbits   0x000fd1       data     extern C:\MCC18\v3_39\src\traditional\proc\p18F452.asm
                   WDTCON   0x000fd1       data     extern C:\MCC18\v3_39\src\traditional\proc\p18F452.asm
                   LVDCON   0x000fd2       data     extern C:\MCC18\v3_39\src\traditional\proc\p18F452.asm
               LVDCONbits   0x000fd2       data     extern C:\MCC18\v3_39\src\traditional\proc\p18F452.asm
                   OSCCON   0x000fd3       data     extern C:\MCC18\v3_39\src\traditional\proc\p18F452.asm
               OSCCONbits   0x000fd3       data     extern C:\MCC18\v3_39\src\traditional\proc\p18F452.asm
                    T0CON   0x000fd5       data     extern C:\MCC18\v3_39\src\traditional\proc\p18F452.asm
                T0CONbits   0x000fd5       data     extern C:\MCC18\v3_39\src\traditional\proc\p18F452.asm
                    TMR0L   0x000fd6       data     extern C:\MCC18\v3_39\src\traditional\proc\p18F452.asm
                    TMR0H   0x000fd7       data     extern C:\MCC18\v3_39\src\traditional\proc\p18F452.asm
                   STATUS   0x000fd8       data     extern C:\MCC18\v3_39\src\traditional\proc\p18F452.asm
               STATUSbits   0x000fd8       data     extern C:\MCC18\v3_39\src\traditional\proc\p18F452.asm
                     FSR2   0x000fd9       data     extern C:\MCC18\v3_39\src\traditional\proc\p18F452.asm
                    FSR2L   0x000fd9       data     extern C:\MCC18\v3_39\src\traditional\proc\p18F452.asm
                    FSR2H   0x000fda       data     extern C:\MCC18\v3_39\src\traditional\proc\p18F452.asm
                   PLUSW2   0x000fdb       data     extern C:\MCC18\v3_39\src\traditional\proc\p18F452.asm
                  PREINC2   0x000fdc       data     extern C:\MCC18\v3_39\src\traditional\proc\p18F452.asm
                 POSTDEC2   0x000fdd       data     extern C:\MCC18\v3_39\src\traditional\proc\p18F452.asm
                 POSTINC2   0x000fde       data     extern C:\MCC18\v3_39\src\traditional\proc\p18F452.asm
                    INDF2   0x000fdf       data     extern C:\MCC18\v3_39\src\traditional\proc\p18F452.asm
                      BSR   0x000fe0       data     extern C:\MCC18\v3_39\src\traditional\proc\p18F452.asm
                     FSR1   0x000fe1       data     extern C:\MCC18\v3_39\src\traditional\proc\p18F452.asm
                    FSR1L   0x000fe1       data     extern C:\MCC18\v3_39\src\traditional\proc\p18F452.asm
                    FSR1H   0x000fe2       data     extern C:\MCC18\v3_39\src\traditional\proc\p18F452.asm
                   PLUSW1   0x000fe3       data     extern C:\MCC18\v3_39\src\traditional\proc\p18F452.asm
                  PREINC1   0x000fe4       data     extern C:\MCC18\v3_39\src\traditional\proc\p18F452.asm
                 POSTDEC1   0x000fe5       data     extern C:\MCC18\v3_39\src\traditional\proc\p18F452.asm
                 POSTINC1   0x000fe6       data     extern C:\MCC18\v3_39\src\traditional\proc\p18F452.asm
                    INDF1   0x000fe7       data     extern C:\MCC18\v3_39\src\traditional\proc\p18F452.asm
                     WREG   0x000fe8       data     extern C:\MCC18\v3_39\src\traditional\proc\p18F452.asm
                        W   0x000fe8       data     extern C:\MCC18\v3_39\src\traditional\proc\p18F452.asm
                    FSR0L   0x000fe9       data     extern C:\MCC18\v3_39\src\traditional\proc\p18F452.asm
                     FSR0   0x000fe9       data     extern C:\MCC18\v3_39\src\traditional\proc\p18F452.asm
                    FSR0H   0x000fea       data     extern C:\MCC18\v3_39\src\traditional\proc\p18F452.asm
                   PLUSW0   0x000feb       data     extern C:\MCC18\v3_39\src\traditional\proc\p18F452.asm
                  PREINC0   0x000fec       data     extern C:\MCC18\v3_39\src\traditional\proc\p18F452.asm
                 POSTDEC0   0x000fed       data     extern C:\MCC18\v3_39\src\traditional\proc\p18F452.asm
                 POSTINC0   0x000fee       data     extern C:\MCC18\v3_39\src\traditional\proc\p18F452.asm
                    INDF0   0x000fef       data     extern C:\MCC18\v3_39\src\traditional\proc\p18F452.asm
                  INTCON3   0x000ff0       data     extern C:\MCC18\v3_39\src\traditional\proc\p18F452.asm
              INTCON3bits   0x000ff0       data     extern C:\MCC18\v3_39\src\traditional\proc\p18F452.asm
                  INTCON2   0x000ff1       data     extern C:\MCC18\v3_39\src\traditional\proc\p18F452.asm
              INTCON2bits   0x000ff1       data     extern C:\MCC18\v3_39\src\traditional\proc\p18F452.asm
                   INTCON   0x000ff2       data     extern C:\MCC18\v3_39\src\traditional\proc\p18F452.asm
                  INTCON1   0x000ff2       data     extern C:\MCC18\v3_39\src\traditional\proc\p18F452.asm
              INTCON1bits   0x000ff2       data     extern C:\MCC18\v3_39\src\traditional\proc\p18F452.asm
               INTCONbits   0x000ff2       data     extern C:\MCC18\v3_39\src\traditional\proc\p18F452.asm
                     PROD   0x000ff3       data     extern C:\MCC18\v3_39\src\traditional\proc\p18F452.asm
                    PRODL   0x000ff3       data     extern C:\MCC18\v3_39\src\traditional\proc\p18F452.asm
                    PRODH   0x000ff4       data     extern C:\MCC18\v3_39\src\traditional\proc\p18F452.asm
                   TABLAT   0x000ff5       data     extern C:\MCC18\v3_39\src\traditional\proc\p18F452.asm
                   TBLPTR   0x000ff6       data     extern C:\MCC18\v3_39\src\traditional\proc\p18F452.asm
                  TBLPTRL   0x000ff6       data     extern C:\MCC18\v3_39\src\traditional\proc\p18F452.asm
                  TBLPTRH   0x000ff7       data     extern C:\MCC18\v3_39\src\traditional\proc\p18F452.asm
                  TBLPTRU   0x000ff8       data     extern C:\MCC18\v3_39\src\traditional\proc\p18F452.asm
                      PCL   0x000ff9       data     extern C:\MCC18\v3_39\src\traditional\proc\p18F452.asm
                       PC   0x000ff9       data     extern C:\MCC18\v3_39\src\traditional\proc\p18F452.asm
                   PCLATH   0x000ffa       data     extern C:\MCC18\v3_39\src\traditional\proc\p18F452.asm
                   PCLATU   0x000ffb       data     extern C:\MCC18\v3_39\src\traditional\proc\p18F452.asm
               STKPTRbits   0x000ffc       data     extern C:\MCC18\v3_39\src\traditional\proc\p18F452.asm
                   STKPTR   0x000ffc       data     extern C:\MCC18\v3_39\src\traditional\proc\p18F452.asm
                     TOSL   0x000ffd       data     extern C:\MCC18\v3_39\src\traditional\proc\p18F452.asm
                      TOS   0x000ffd       data     extern C:\MCC18\v3_39\src\traditional\proc\p18F452.asm
                     TOSH   0x000ffe       data     extern C:\MCC18\v3_39\src\traditional\proc\p18F452.asm
                     TOSU   0x000fff       data     extern C:\MCC18\v3_39\src\traditional\proc\p18F452.asm


